<html>
<body>
<pre>
<h1>µVision Build Log</h1>
<h2>Project:</h2>
C:\2nd Electrical computer\2nd term\Embedded system\my part in the project\ggggggzzzzzzzzzzzzzz\Delay_function\my_delay.uvproj
Project File Date:  06/04/2021

<h2>Output:</h2>
Build target 'Target 1'
compiling main.c...
main.c(74): warning:  #1-D: last line of file ends without a newline
  }
main.c: 1 warning, 0 errors
linking...
Program Size: Code=664 RO-data=652 RW-data=4 ZI-data=516  
".\my_delay.axf" - 0 Error(s), 1 Warning(s).
</pre>
</body>
</html>
