<html>
<body>
<pre>
<h1>µVision Build Log</h1>
<h2>Project:</h2>
C:\2nd Electrical computer\2nd term\Embedded system\my part in the project\ggggggzzzzzzzzzzzzzz\Delay_function\my_delay.uvproj
Project File Date:  06/04/2021

<h2>Output:</h2>
Build target 'Target 1'
compiling main.c...
tm4c123gh6pm.h(2059): warning:  #47-D: incompatible redefinition of macro "SYSCTL_RCGC2_R" (declared at line 15 of "main.c")
  #define SYSCTL_RCGC2_R          (*((volatile unsigned long *)0x400FE108))
main.c(87): warning:  #1-D: last line of file ends without a newline
  }
main.c: 2 warnings, 0 errors
linking...
Program Size: Code=664 RO-data=652 RW-data=8 ZI-data=512  
".\my_delay.axf" - 0 Error(s), 2 Warning(s).
</pre>
</body>
</html>
